#-----------------------------------------------------------
# Webtalk v2020.2 (64-bit)
# SW Build 3064766 on Wed Nov 18 09:12:45 MST 2020
# IP Build 3064653 on Wed Nov 18 14:17:31 MST 2020
# Start of session at: Mon Nov  8 20:18:48 2021
# Process ID: 5184
# Current directory: C:/home/github/LogicDesign/Lab4-Advanced/Problem_2_3_4/Problem_2_3_4.sim/sim_1/behav/xsim
# Command line: wbtcv.exe -mode batch -source C:/home/github/LogicDesign/Lab4-Advanced/Problem_2_3_4/Problem_2_3_4.sim/sim_1/behav/xsim/xsim.dir/Built_In_Self_Test_T_behav/webtalk/xsim_webtalk.tcl -notrace
# Log file: C:/home/github/LogicDesign/Lab4-Advanced/Problem_2_3_4/Problem_2_3_4.sim/sim_1/behav/xsim/webtalk.log
# Journal file: C:/home/github/LogicDesign/Lab4-Advanced/Problem_2_3_4/Problem_2_3_4.sim/sim_1/behav/xsim\webtalk.jou
#-----------------------------------------------------------
source C:/home/github/LogicDesign/Lab4-Advanced/Problem_2_3_4/Problem_2_3_4.sim/sim_1/behav/xsim/xsim.dir/Built_In_Self_Test_T_behav/webtalk/xsim_webtalk.tcl -notrace
