#-----------------------------------------------------------
# Vivado v2020.2 (64-bit)
# SW Build 3064766 on Wed Nov 18 09:12:45 MST 2020
# IP Build 3064653 on Wed Nov 18 14:17:31 MST 2020
# Start of session at: Thu Nov 25 18:36:28 2021
# Process ID: 10728
# Current directory: D:/LogicDesignExperiment/share_repo/Lab5-Advanced/Problem_1_2
# Command line: vivado.exe -gui_launcher_event rodinguilauncherevent22504 D:\LogicDesignExperiment\share_repo\Lab5-Advanced\Problem_1_2\Problem_1_2.xpr
# Log file: D:/LogicDesignExperiment/share_repo/Lab5-Advanced/Problem_1_2/vivado.log
# Journal file: D:/LogicDesignExperiment/share_repo/Lab5-Advanced/Problem_1_2\vivado.jou
#-----------------------------------------------------------
start_gui
open_project D:/LogicDesignExperiment/share_repo/Lab5-Advanced/Problem_1_2/Problem_1_2.xpr
update_compile_order -fileset sources_1
set_property top Lab5_Team3_Sliding_Window_Sequence_Detector_t [get_filesets sim_1]
set_property top_lib xil_defaultlib [get_filesets sim_1]
launch_simulation
source Lab5_Team3_Sliding_Window_Sequence_Detector_t.tcl
close_sim
launch_simulation
source Lab5_Team3_Sliding_Window_Sequence_Detector_t.tcl
close_sim
launch_simulation
source Lab5_Team3_Sliding_Window_Sequence_Detector_t.tcl
close_sim
launch_simulation
source Lab5_Team3_Sliding_Window_Sequence_Detector_t.tcl
close_sim
