#-----------------------------------------------------------
# Vivado v2020.2 (64-bit)
# SW Build 3064766 on Wed Nov 18 09:12:45 MST 2020
# IP Build 3064653 on Wed Nov 18 14:17:31 MST 2020
# Start of session at: Tue Sep 28 10:39:29 2021
# Process ID: 3104
# Current directory: D:/LogicDesignExperiment/LAB01_0923/share_repo/Lab1-Advanced/Lab1-Advanced
# Command line: vivado.exe -gui_launcher_event rodinguilauncherevent2028 D:\LogicDesignExperiment\LAB01_0923\share_repo\Lab1-Advanced\Lab1-Advanced\Lab1-Advanced.xpr
# Log file: D:/LogicDesignExperiment/LAB01_0923/share_repo/Lab1-Advanced/Lab1-Advanced/vivado.log
# Journal file: D:/LogicDesignExperiment/LAB01_0923/share_repo/Lab1-Advanced/Lab1-Advanced\vivado.jou
#-----------------------------------------------------------
start_gui
open_project D:/LogicDesignExperiment/LAB01_0923/share_repo/Lab1-Advanced/Lab1-Advanced/Lab1-Advanced.xpr
update_compile_order -fileset sources_1
set_property top crossbar4x4_tb [get_filesets sim_1]
set_property top_lib xil_defaultlib [get_filesets sim_1]
update_compile_order -fileset sim_1
launch_simulation
source crossbar4x4_tb.tcl
close_sim
