Copyright 1986-2020 Xilinx, Inc. All Rights Reserved.
------------------------------------------------------------------------------------
| Tool Version : Vivado v.2020.2 (win64) Build 3064766 Wed Nov 18 09:12:45 MST 2020
| Date         : Thu Dec 16 14:35:10 2021
| Host         : TACO-SUGO-KAWAII running 64-bit major release  (build 9200)
| Command      : report_control_sets -verbose -file Top_control_sets_placed.rpt
| Design       : Top
| Device       : xc7a35t
------------------------------------------------------------------------------------

Control Set Information

Table of Contents
-----------------
1. Summary
2. Histogram
3. Flip-Flop Distribution
4. Detailed Control Set Information

1. Summary
----------

+----------------------------------------------------------+-------+
|                          Status                          | Count |
+----------------------------------------------------------+-------+
| Total control sets                                       |    10 |
|    Minimum number of control sets                        |    10 |
|    Addition due to synthesis replication                 |     0 |
|    Addition due to physical synthesis replication        |     0 |
| Unused register locations in slices containing registers |    53 |
+----------------------------------------------------------+-------+
* Control sets can be merged at opt_design using control_set_merge or merge_equivalent_drivers
** Run report_qor_suggestions for automated merging and remapping suggestions


2. Histogram
------------

+--------------------+-------+
|       Fanout       | Count |
+--------------------+-------+
| Total control sets |    10 |
| >= 0 to < 4        |     3 |
| >= 4 to < 6        |     1 |
| >= 6 to < 8        |     0 |
| >= 8 to < 10       |     0 |
| >= 10 to < 12      |     4 |
| >= 12 to < 14      |     0 |
| >= 14 to < 16      |     0 |
| >= 16              |     2 |
+--------------------+-------+
* Control sets can be remapped at either synth_design or opt_design


3. Flip-Flop Distribution
-------------------------

+--------------+-----------------------+------------------------+-----------------+--------------+
| Clock Enable | Synchronous Set/Reset | Asynchronous Set/Reset | Total Registers | Total Slices |
+--------------+-----------------------+------------------------+-----------------+--------------+
| No           | No                    | No                     |              46 |           18 |
| No           | No                    | Yes                    |               1 |            1 |
| No           | Yes                   | No                     |              48 |           18 |
| Yes          | No                    | No                     |               0 |            0 |
| Yes          | No                    | Yes                    |               0 |            0 |
| Yes          | Yes                   | No                     |              20 |            7 |
+--------------+-----------------------+------------------------+-----------------+--------------+


4. Detailed Control Set Information
-----------------------------------

+-----------------------------------------+------------------------+--------------------------+------------------+----------------+--------------+
|               Clock Signal              |      Enable Signal     |     Set/Reset Signal     | Slice Load Count | Bel Load Count | Bels / Slice |
+-----------------------------------------+------------------------+--------------------------+------------------+----------------+--------------+
|  OP0/down_op                            |                        | OP2/up_op                |                1 |              1 |         1.00 |
|  SC0/FSM_sequential_A_to_reg[1]_i_2_n_0 |                        |                          |                1 |              2 |         2.00 |
|  CD0/Q_BUFG[0]                          |                        | rst_IBUF                 |                2 |              2 |         1.00 |
|  clk_d22_BUFG                           |                        |                          |                1 |              4 |         4.00 |
|  clk_d22_BUFG                           | SC0/counter[9]_i_2_n_0 | SC0/counter[9]_i_1_n_0   |                4 |             10 |         2.50 |
|  CD0/Q_BUFG[0]                          |                        | VC0/pixel_cnt[9]_i_1_n_0 |                3 |             10 |         3.33 |
|  CD0/Q_BUFG[0]                          | VC0/line_cnt           | VC0/line_cnt[9]_i_1_n_0  |                3 |             10 |         3.33 |
|  CD0/Q_BUFG[0]                          |                        |                          |                7 |             11 |         1.57 |
|  clk_IBUF_BUFG                          |                        |                          |                9 |             29 |         3.22 |
|  clk_d22_BUFG                           |                        | rst_IBUF                 |               13 |             36 |         2.77 |
+-----------------------------------------+------------------------+--------------------------+------------------+----------------+--------------+


